
> ask-a-muslim@0.0.0 build
> ng build

- Generating browser application bundles (phase: setup)...
Γ£ö Browser application bundle generation complete.
Γ£ö Browser application bundle generation complete.
- Copying assets...
Γ£ö Copying assets complete.
- Generating index html...
- Generating index html...
4 rules skipped due to selector errors:
  () -> Empty sub-selector
  () -> Empty sub-selector
  () -> Empty sub-selector
  () -> Empty sub-selector
Γ£ö Index html generation complete.

[1mInitial chunk files[22m          [2m | [22m[1mNames[22m                                                                    [2m | [22m [1mRaw size[22m[2m | [22m[1mEstimated transfer size[22m
[32mmain.1e74529061b1175e.js[39m     [2m | [22m[2mmain[22m                                                                     [2m | [22m  [36m1.77 MB[39m[2m | [22m              [36m374.31 kB[39m
[32mstyles.bd9b8b534724cb0b.css[39m  [2m | [22m[2mstyles[22m                                                                   [2m | [22m[36m437.46 kB[39m[2m | [22m               [36m45.47 kB[39m
[32mruntime.87c46e6c8f149ca8.js[39m  [2m | [22m[2mruntime[22m                                                                  [2m | [22m  [36m3.69 kB[39m[2m | [22m                [36m1.75 kB[39m
[32mpolyfills.f47ffebe94ef9201.js[39m[2m | [22m[2mpolyfills[22m                                                                [2m | [22m[36m117 bytes[39m[2m | [22m               [36m91 bytes[39m

[1m [22m                            [2m | [22m[1mInitial total[22m                                                            [2m | [22m  [1m2.22 MB[22m[2m | [22m              [1m421.63 kB[22m

[1mLazy chunk files[22m             [2m | [22m[1mNames[22m                                                                    [2m | [22m [1mRaw size[22m[2m | [22m[1mEstimated transfer size[22m
[32m246.b9ad9fd64435bc52.js[39m      [2m | [22m[2mjspdf[22m                                                                    [2m | [22m[36m411.31 kB[39m[2m | [22m              [36m112.27 kB[39m
[32m239.d8bfc77c4c4d7a77.js[39m      [2m | [22m[2mhtml2canvas[22m                                                              [2m | [22m[36m200.26 kB[39m[2m | [22m               [36m37.55 kB[39m
[32m842.07e973f57f108624.js[39m      [2m | [22m[2mcanvg[22m                                                                    [2m | [22m[36m156.37 kB[39m[2m | [22m               [36m44.41 kB[39m
[32m872.97341b702c391616.js[39m      [2m | [22m[2mpages-ask-and-contact-ask-assistant-ask-assistant-component[22m              [2m | [22m [36m88.60 kB[39m[2m | [22m               [36m21.69 kB[39m
[32m918.df6c875f14610d09.js[39m      [2m | [22m[2mgsap[22m                                                                     [2m | [22m [36m69.77 kB[39m[2m | [22m               [36m24.96 kB[39m
[32m389.b6fcab999171be7a.js[39m      [2m | [22m[2mpages-resources-resources-page-component[22m                                 [2m | [22m [36m39.60 kB[39m[2m | [22m                [36m8.96 kB[39m
[32m161.3c133cf25e1eacbd.js[39m      [2m | [22m[2mpages-ask-and-contact-meet-scholar-meet-scholar-component[22m                [2m | [22m [36m35.57 kB[39m[2m | [22m                [36m7.30 kB[39m
[32m462.1d7b7b8394d1629a.js[39m      [2m | [22m[2mpages-ask-and-contact-ask-Q-A-ask-qa-component[22m                           [2m | [22m [36m31.58 kB[39m[2m | [22m                [36m7.37 kB[39m
[32m565.782c6a5f640fbc10.js[39m      [2m | [22m[2mpages-about-about-page-component[22m                                         [2m | [22m [36m30.12 kB[39m[2m | [22m                [36m5.83 kB[39m
[32m627.45821af5422e7108.js[39m      [2m | [22m[2mpages-ask-and-contact-ask-Q-A-question-question-component[22m                [2m | [22m [36m22.63 kB[39m[2m | [22m                [36m7.75 kB[39m
[32m951.5a814921664b7916.js[39m      [2m | [22m[2mpages-contact-contact-component[22m                                          [2m | [22m [36m21.20 kB[39m[2m | [22m                [36m5.43 kB[39m
[32m652.6423032d536eea57.js[39m      [2m | [22m[2mpages-muslim-tube-channel-detail-channel-detail-component[22m                [2m | [22m [36m20.94 kB[39m[2m | [22m                [36m4.04 kB[39m
[32m987.f21dcdb0383b49b4.js[39m      [2m | [22m[2mpages-ask-and-contact-ask-Q-A-question-question-component[22m                [2m | [22m [36m20.70 kB[39m[2m | [22m                [36m6.19 kB[39m
[32m194.e0e206fa8af4fd1a.js[39m      [2m | [22m[2mpages-ask-and-contact-send-inquiry-send-inquiry-component[22m                [2m | [22m [36m12.88 kB[39m[2m | [22m                [36m3.87 kB[39m
[32m545.d85174dbf50e5ceb.js[39m      [2m | [22m[2mpages-muslim-tube-shorts-shorts-component[22m                                [2m | [22m  [36m7.22 kB[39m[2m | [22m                [36m1.80 kB[39m
[32m564.c906a4778bde8427.js[39m      [2m | [22m[2mpages-ask-and-contact-meet-scholar-success-meet-scholar-success-component[22m[2m | [22m  [36m6.92 kB[39m[2m | [22m                [36m1.88 kB[39m
[32m186.731fd04dae2309f7.js[39m      [2m | [22m[2mpages-muslim-tube-channels-channels-component[22m                            [2m | [22m  [36m4.74 kB[39m[2m | [22m                [36m1.55 kB[39m
[32m38.c96d696493776a7d.js[39m       [2m | [22m[2mpages-muslim-tube-videos-videos-component[22m                                [2m | [22m  [36m4.25 kB[39m[2m | [22m                [36m1.42 kB[39m
[32m228.bd9af94552ce95df.js[39m      [2m | [22m[2mpages-ask-and-contact-send-inquiry-success-send-inquiry-success-component[22m[2m | [22m  [36m4.24 kB[39m[2m | [22m                [36m1.39 kB[39m
[32mcommon.f02427e6bd26a243.js[39m   [2m | [22m[2mcommon[22m                                                                   [2m | [22m  [36m1.05 kB[39m[2m | [22m              [36m419 bytes[39m
[32m676.b745104ac4fa4a6f.js[39m      [2m | [22m[2mpages-muslim-tube-saved-saved-component[22m                                  [2m | [22m[36m559 bytes[39m[2m | [22m              [36m347 bytes[39m
[32m612.7c9b1cefd9cb2296.js[39m      [2m | [22m[2mpages-muslim-tube-history-history-component[22m                              [2m | [22m[36m552 bytes[39m[2m | [22m              [36m345 bytes[39m
[32m144.3731e17d0e3ed6a9.js[39m      [2m | [22m[2mpages-muslim-tube-liked-liked-component[22m                                  [2m | [22m[36m545 bytes[39m[2m | [22m              [36m349 bytes[39m

Build at: 2026-04-18T00:06:07.419Z - Hash: 5a221581a2dc65e2 - Time: 30215ms
