
> ask-a-muslim@0.0.0 lint
> eslint . src/app/pages/events/event-detail/event-detail.component.ts src/app/pages/events/event-detail/event-detail.component.html src/app/core/services/event-registrations.service.ts


D:\Programming\Frontend\FrontEnd\src\app\app.spec.ts
   4:1  error  'describe' is not defined    no-undef
   5:3  error  'beforeEach' is not defined  no-undef
  11:3  error  'it' is not defined          no-undef
  14:5  error  'expect' is not defined      no-undef
  17:3  error  'it' is not defined          no-undef
  21:5  error  'expect' is not defined      no-undef

D:\Programming\Frontend\FrontEnd\src\app\app.ts
  49:13  error  'setTimeout' is not defined  no-undef

D:\Programming\Frontend\FrontEnd\src\app\core\auth\login\login.component.spec.ts
   5:1  error  'describe' is not defined    no-undef
   9:3  error  'beforeEach' is not defined  no-undef
  20:3  error  'it' is not defined          no-undef
  21:5  error  'expect' is not defined      no-undef

D:\Programming\Frontend\FrontEnd\src\app\core\auth\login\login.component.ts
    7:10  error  'environment' is defined but never used   @typescript-eslint/no-unused-vars
   62:24  error  Unexpected any. Specify a different type  @typescript-eslint/no-explicit-any
   64:13  error  'console' is not defined                  no-undef
  159:9   error  'console' is not defined                  no-undef

D:\Programming\Frontend\FrontEnd\src\app\core\auth\register\register.component.spec.ts
   5:1  error  'describe' is not defined    no-undef
   9:3  error  'beforeEach' is not defined  no-undef
  20:3  error  'it' is not defined          no-undef
  21:5  error  'expect' is not defined      no-undef

D:\Programming\Frontend\FrontEnd\src\app\core\auth\reset-password\reset-password.component.spec.ts
   8:1   error  'describe' is not defined                 no-undef
  12:3   error  'afterEach' is not defined                no-undef
  16:3   error  'beforeEach' is not defined               no-undef
  28:3   error  'it' is not defined                       no-undef
  29:5   error  'expect' is not defined                   no-undef
  32:3   error  'it' is not defined                       no-undef
  33:19  error  Unexpected any. Specify a different type  @typescript-eslint/no-explicit-any
  35:5   error  'expect' is not defined                   no-undef
  35:26  error  Unexpected any. Specify a different type  @typescript-eslint/no-explicit-any
  36:5   error  'expect' is not defined                   no-undef
  36:26  error  Unexpected any. Specify a different type  @typescript-eslint/no-explicit-any
  37:5   error  'expect' is not defined                   no-undef
  37:26  error  Unexpected any. Specify a different type  @typescript-eslint/no-explicit-any
  40:3   error  'it' is not defined                       no-undef
  41:5   error  'sessionStorage' is not defined           no-undef
  58:5   error  'expect' is not defined                   no-undef
  58:26  error  Unexpected any. Specify a different type  @typescript-eslint/no-explicit-any
  59:5   error  'expect' is not defined                   no-undef
  59:26  error  Unexpected any. Specify a different type  @typescript-eslint/no-explicit-any
  60:5   error  'expect' is not defined                   no-undef
  60:26  error  Unexpected any. Specify a different type  @typescript-eslint/no-explicit-any
  61:5   error  'expect' is not defined                   no-undef
  61:26  error  Unexpected any. Specify a different type  @typescript-eslint/no-explicit-any
  64:3   error  'it' is not defined                       no-undef
  65:5   error  'sessionStorage' is not defined           no-undef
  82:5   error  'expect' is not defined                   no-undef
  82:26  error  Unexpected any. Specify a different type  @typescript-eslint/no-explicit-any
  83:5   error  'expect' is not defined                   no-undef
  83:26  error  Unexpected any. Specify a different type  @typescript-eslint/no-explicit-any
  84:5   error  'expect' is not defined                   no-undef
  84:26  error  Unexpected any. Specify a different type  @typescript-eslint/no-explicit-any
  85:5   error  'expect' is not defined                   no-undef
  85:26  error  Unexpected any. Specify a different type  @typescript-eslint/no-explicit-any
  89:5   error  'expect' is not defined                   no-undef
  89:26  error  Unexpected any. Specify a different type  @typescript-eslint/no-explicit-any

D:\Programming\Frontend\FrontEnd\src\app\core\helpers\youtube-duration.helper.ts
  77:32  error  'fetch' is not defined  no-undef

D:\Programming\Frontend\FrontEnd\src\app\core\layouts\app-layout\app-layout.component.spec.ts
   5:1  error  'describe' is not defined    no-undef
   9:3  error  'beforeEach' is not defined  no-undef
  20:3  error  'it' is not defined          no-undef
  21:5  error  'expect' is not defined      no-undef

D:\Programming\Frontend\FrontEnd\src\app\core\layouts\auth-layout\auth-layout.component.spec.ts
   5:1  error  'describe' is not defined    no-undef
   9:3  error  'beforeEach' is not defined  no-undef
  20:3  error  'it' is not defined          no-undef
  21:5  error  'expect' is not defined      no-undef

D:\Programming\Frontend\FrontEnd\src\app\core\services\api.service.ts
   2:22  error  'HttpErrorResponse' is defined but never used                                                                                                                           @typescript-eslint/no-unused-vars
  19:15  error  Prefer using the inject() function over constructor parameter injection. Use Angular's migration schematic to automatically refactor: ng generate @angular/core:inject  @angular-eslint/prefer-inject

D:\Programming\Frontend\FrontEnd\src\app\core\services\flowbite.service.spec.ts
   5:1  error  'describe' is not defined    no-undef
   8:3  error  'beforeEach' is not defined  no-undef
  13:3  error  'it' is not defined          no-undef
  14:5  error  'expect' is not defined      no-undef

D:\Programming\Frontend\FrontEnd\src\app\core\services\flowbite.service.ts
  9:15  error  Prefer using the inject() function over constructor parameter injection. Use Angular's migration schematic to automatically refactor: ng generate @angular/core:inject  @angular-eslint/prefer-inject

D:\Programming\Frontend\FrontEnd\src\app\core\services\global-loading.service.ts
  27:22  error  Unexpected any. Specify a different type  @typescript-eslint/no-explicit-any
  28:22  error  Unexpected any. Specify a different type  @typescript-eslint/no-explicit-any
  45:7   error  'clearTimeout' is not defined             no-undef
  50:24  error  'setTimeout' is not defined               no-undef
  74:7   error  'clearTimeout' is not defined             no-undef
  87:22  error  'setTimeout' is not defined               no-undef

D:\Programming\Frontend\FrontEnd\src\app\core\services\inquiry-requests.service.ts
  15:15  error  Prefer using the inject() function over constructor parameter injection. Use Angular's migration schematic to automatically refactor: ng generate @angular/core:inject  @angular-eslint/prefer-inject

D:\Programming\Frontend\FrontEnd\src\app\core\services\lesson-content.service.ts
  38:5  error  Prefer using the inject() function over constructor parameter injection. Use Angular's migration schematic to automatically refactor: ng generate @angular/core:inject  @angular-eslint/prefer-inject

D:\Programming\Frontend\FrontEnd\src\app\core\services\meeting-requests.service.ts
  15:15  error  Prefer using the inject() function over constructor parameter injection. Use Angular's migration schematic to automatically refactor: ng generate @angular/core:inject  @angular-eslint/prefer-inject

D:\Programming\Frontend\FrontEnd\src\app\core\services\qas.service.ts
  9:15  error  Prefer using the inject() function over constructor parameter injection. Use Angular's migration schematic to automatically refactor: ng generate @angular/core:inject  @angular-eslint/prefer-inject

D:\Programming\Frontend\FrontEnd\src\app\core\services\quiz-attempts.service.ts
  20:5  error  Prefer using the inject() function over constructor parameter injection. Use Angular's migration schematic to automatically refactor: ng generate @angular/core:inject  @angular-eslint/prefer-inject
  21:5  error  Prefer using the inject() function over constructor parameter injection. Use Angular's migration schematic to automatically refactor: ng generate @angular/core:inject  @angular-eslint/prefer-inject

D:\Programming\Frontend\FrontEnd\src\app\core\services\student-profile.service.ts
  348:11  error  'console' is not defined  no-undef
  390:5   error  'console' is not defined  no-undef

D:\Programming\Frontend\FrontEnd\src\app\core\services\tags.service.ts
  9:15  error  Prefer using the inject() function over constructor parameter injection. Use Angular's migration schematic to automatically refactor: ng generate @angular/core:inject  @angular-eslint/prefer-inject

D:\Programming\Frontend\FrontEnd\src\app\pages\academy\academy.component.spec.ts
    6:1  error  'describe' is not defined    no-undef
   10:5  error  'beforeEach' is not defined  no-undef
   21:5  error  'it' is not defined          no-undef
   22:9  error  'expect' is not defined      no-undef
   25:5  error  'it' is not defined          no-undef
   95:9  error  'expect' is not defined      no-undef
   96:9  error  'expect' is not defined      no-undef
   97:9  error  'expect' is not defined      no-undef
  106:9  error  'expect' is not defined      no-undef
  109:5  error  'it' is not defined          no-undef
  154:9  error  'expect' is not defined      no-undef
  155:9  error  'expect' is not defined      no-undef
  156:9  error  'expect' is not defined      no-undef
  165:9  error  'expect' is not defined      no-undef
  168:5  error  'it' is not defined          no-undef
  262:9  error  'expect' is not defined      no-undef
  263:9  error  'expect' is not defined      no-undef
  264:9  error  'expect' is not defined      no-undef
  273:9  error  'expect' is not defined      no-undef
  276:5  error  'it' is not defined          no-undef
  314:9  error  'expect' is not defined      no-undef
  315:9  error  'expect' is not defined      no-undef
  316:9  error  'expect' is not defined      no-undef
  317:9  error  'expect' is not defined      no-undef
  318:9  error  'expect' is not defined      no-undef
  319:9  error  'expect' is not defined      no-undef
  320:9  error  'expect' is not defined      no-undef
  323:5  error  'it' is not defined          no-undef
  359:9  error  'expect' is not defined      no-undef
  360:9  error  'expect' is not defined      no-undef
  361:9  error  'expect' is not defined      no-undef
  362:9  error  'expect' is not defined      no-undef
  363:9  error  'expect' is not defined      no-undef

D:\Programming\Frontend\FrontEnd\src\app\pages\academy\academy.component.ts
  87:9  error  Prefer using the inject() function over constructor parameter injection. Use Angular's migration schematic to automatically refactor: ng generate @angular/core:inject  @angular-eslint/prefer-inject
  88:9  error  Prefer using the inject() function over constructor parameter injection. Use Angular's migration schematic to automatically refactor: ng generate @angular/core:inject  @angular-eslint/prefer-inject
  89:9  error  Prefer using the inject() function over constructor parameter injection. Use Angular's migration schematic to automatically refactor: ng generate @angular/core:inject  @angular-eslint/prefer-inject
  90:9  error  Prefer using the inject() function over constructor parameter injection. Use Angular's migration schematic to automatically refactor: ng generate @angular/core:inject  @angular-eslint/prefer-inject
  91:9  error  Prefer using the inject() function over constructor parameter injection. Use Angular's migration schematic to automatically refactor: ng generate @angular/core:inject  @angular-eslint/prefer-inject

D:\Programming\Frontend\FrontEnd\src\app\pages\academy\course\.init.ts
  0:0  error  Parsing error: "parserOptions.project" has been provided for @typescript-eslint/parser.
The file was not found in any of the provided project(s): src\app\pages\academy\course\.init.ts

D:\Programming\Frontend\FrontEnd\src\app\pages\academy\lesson-overview\lesson-overview.component.ts
  72:9  error  Prefer using the inject() function over constructor parameter injection. Use Angular's migration schematic to automatically refactor: ng generate @angular/core:inject  @angular-eslint/prefer-inject
  73:9  error  Prefer using the inject() function over constructor parameter injection. Use Angular's migration schematic to automatically refactor: ng generate @angular/core:inject  @angular-eslint/prefer-inject
  76:5  error  Lifecycle methods should not be empty                                                                                                                                   @angular-eslint/no-empty-lifecycle-method

D:\Programming\Frontend\FrontEnd\src\app\pages\academy\lesson-player\lesson-player.component.ts
   139:40  error  Unexpected any. Specify a different type                                                                                                                                @typescript-eslint/no-explicit-any
   144:9   error  Prefer using the inject() function over constructor parameter injection. Use Angular's migration schematic to automatically refactor: ng generate @angular/core:inject  @angular-eslint/prefer-inject
   145:9   error  Prefer using the inject() function over constructor parameter injection. Use Angular's migration schematic to automatically refactor: ng generate @angular/core:inject  @angular-eslint/prefer-inject
   146:9   error  Prefer using the inject() function over constructor parameter injection. Use Angular's migration schematic to automatically refactor: ng generate @angular/core:inject  @angular-eslint/prefer-inject
   147:9   error  Prefer using the inject() function over constructor parameter injection. Use Angular's migration schematic to automatically refactor: ng generate @angular/core:inject  @angular-eslint/prefer-inject
   148:9   error  Prefer using the inject() function over constructor parameter injection. Use Angular's migration schematic to automatically refactor: ng generate @angular/core:inject  @angular-eslint/prefer-inject
   149:9   error  Prefer using the inject() function over constructor parameter injection. Use Angular's migration schematic to automatically refactor: ng generate @angular/core:inject  @angular-eslint/prefer-inject
   150:9   error  Prefer using the inject() function over constructor parameter injection. Use Angular's migration schematic to automatically refactor: ng generate @angular/core:inject  @angular-eslint/prefer-inject
   151:9   error  Prefer using the inject() function over constructor parameter injection. Use Angular's migration schematic to automatically refactor: ng generate @angular/core:inject  @angular-eslint/prefer-inject
   152:9   error  Prefer using the inject() function over constructor parameter injection. Use Angular's migration schematic to automatically refactor: ng generate @angular/core:inject  @angular-eslint/prefer-inject
  1034:9   error  'setTimeout' is not defined                                                                                                                                             no-undef
  1084:42  error  'setInterval' is not defined                                                                                                                                            no-undef
  1092:13  error  'clearInterval' is not defined                                                                                                                                          no-undef

D:\Programming\Frontend\FrontEnd\src\app\pages\academy\quiz\quiz.component.ts
   252:9   error  Prefer using the inject() function over constructor parameter injection. Use Angular's migration schematic to automatically refactor: ng generate @angular/core:inject  @angular-eslint/prefer-inject
   253:9   error  Prefer using the inject() function over constructor parameter injection. Use Angular's migration schematic to automatically refactor: ng generate @angular/core:inject  @angular-eslint/prefer-inject
   254:9   error  Prefer using the inject() function over constructor parameter injection. Use Angular's migration schematic to automatically refactor: ng generate @angular/core:inject  @angular-eslint/prefer-inject
   255:9   error  Prefer using the inject() function over constructor parameter injection. Use Angular's migration schematic to automatically refactor: ng generate @angular/core:inject  @angular-eslint/prefer-inject
   256:9   error  Prefer using the inject() function over constructor parameter injection. Use Angular's migration schematic to automatically refactor: ng generate @angular/core:inject  @angular-eslint/prefer-inject
   257:9   error  Prefer using the inject() function over constructor parameter injection. Use Angular's migration schematic to automatically refactor: ng generate @angular/core:inject  @angular-eslint/prefer-inject
   258:9   error  Prefer using the inject() function over constructor parameter injection. Use Angular's migration schematic to automatically refactor: ng generate @angular/core:inject  @angular-eslint/prefer-inject
   259:9   error  Prefer using the inject() function over constructor parameter injection. Use Angular's migration schematic to automatically refactor: ng generate @angular/core:inject  @angular-eslint/prefer-inject
   260:9   error  Prefer using the inject() function over constructor parameter injection. Use Angular's migration schematic to automatically refactor: ng generate @angular/core:inject  @angular-eslint/prefer-inject
   328:28  error  'localStorage' is not defined                                                                                                                                           no-undef
   669:13  error  'localStorage' is not defined                                                                                                                                           no-undef
  1317:13  error  'localStorage' is not defined                                                                                                                                           no-undef

D:\Programming\Frontend\FrontEnd\src\app\pages\academy_final\.init.ts
  0:0  error  Parsing error: "parserOptions.project" has been provided for @typescript-eslint/parser.
The file was not found in any of the provided project(s): src\app\pages\academy_final\.init.ts

D:\Programming\Frontend\FrontEnd\src\app\pages\account\about\edit-contact-information\edit-contact-information.component.ts
  20:13  error  Output bindings, including aliases, should not be named as standard DOM events  @angular-eslint/no-output-native

D:\Programming\Frontend\FrontEnd\src\app\pages\account\account.component.spec.ts
   5:1  error  'describe' is not defined    no-undef
   9:3  error  'beforeEach' is not defined  no-undef
  20:3  error  'it' is not defined          no-undef
  21:5  error  'expect' is not defined      no-undef

D:\Programming\Frontend\FrontEnd\src\app\pages\account\my-inquiries\my-inquiries.component.ts
  31:9  error  Prefer using the inject() function over constructor parameter injection. Use Angular's migration schematic to automatically refactor: ng generate @angular/core:inject  @angular-eslint/prefer-inject
  32:9  error  Prefer using the inject() function over constructor parameter injection. Use Angular's migration schematic to automatically refactor: ng generate @angular/core:inject  @angular-eslint/prefer-inject

D:\Programming\Frontend\FrontEnd\src\app\pages\ask-and-contact\ask-Q&A\ask-qa.component.ts
  81:5  error  Prefer using the inject() function over constructor parameter injection. Use Angular's migration schematic to automatically refactor: ng generate @angular/core:inject  @angular-eslint/prefer-inject
  82:5  error  Prefer using the inject() function over constructor parameter injection. Use Angular's migration schematic to automatically refactor: ng generate @angular/core:inject  @angular-eslint/prefer-inject

D:\Programming\Frontend\FrontEnd\src\app\pages\ask-and-contact\ask-Q&A\qa-card\qa-card.component.ts
  24:15  error  Prefer using the inject() function over constructor parameter injection. Use Angular's migration schematic to automatically refactor: ng generate @angular/core:inject  @angular-eslint/prefer-inject

D:\Programming\Frontend\FrontEnd\src\app\pages\ask-and-contact\ask-Q&A\question\question.component.ts
  53:5  error  Prefer using the inject() function over constructor parameter injection. Use Angular's migration schematic to automatically refactor: ng generate @angular/core:inject  @angular-eslint/prefer-inject
  54:5  error  Prefer using the inject() function over constructor parameter injection. Use Angular's migration schematic to automatically refactor: ng generate @angular/core:inject  @angular-eslint/prefer-inject
  55:5  error  Prefer using the inject() function over constructor parameter injection. Use Angular's migration schematic to automatically refactor: ng generate @angular/core:inject  @angular-eslint/prefer-inject
  56:5  error  Prefer using the inject() function over constructor parameter injection. Use Angular's migration schematic to automatically refactor: ng generate @angular/core:inject  @angular-eslint/prefer-inject
  57:5  error  Prefer using the inject() function over constructor parameter injection. Use Angular's migration schematic to automatically refactor: ng generate @angular/core:inject  @angular-eslint/prefer-inject
  58:5  error  Prefer using the inject() function over constructor parameter injection. Use Angular's migration schematic to automatically refactor: ng generate @angular/core:inject  @angular-eslint/prefer-inject
  59:5  error  Prefer using the inject() function over constructor parameter injection. Use Angular's migration schematic to automatically refactor: ng generate @angular/core:inject  @angular-eslint/prefer-inject

D:\Programming\Frontend\FrontEnd\src\app\pages\ask-and-contact\ask-and-contact.component.spec.ts
   5:1  error  'describe' is not defined    no-undef
   9:3  error  'beforeEach' is not defined  no-undef
  20:3  error  'it' is not defined          no-undef
  21:5  error  'expect' is not defined      no-undef

D:\Programming\Frontend\FrontEnd\src\app\pages\ask-and-contact\ask-assistant\ask-assistant.component.ts
  146:5   error  'console' is not defined     no-undef
  178:13  error  'setTimeout' is not defined  no-undef
  194:13  error  'console' is not defined     no-undef
  201:13  error  'console' is not defined     no-undef
  214:11  error  'setTimeout' is not defined  no-undef
  223:11  error  'setTimeout' is not defined  no-undef

D:\Programming\Frontend\FrontEnd\src\app\pages\ask-and-contact\meet-scholar\meet-scholar.component.ts
  90:5  error  Prefer using the inject() function over constructor parameter injection. Use Angular's migration schematic to automatically refactor: ng generate @angular/core:inject  @angular-eslint/prefer-inject
  91:5  error  Prefer using the inject() function over constructor parameter injection. Use Angular's migration schematic to automatically refactor: ng generate @angular/core:inject  @angular-eslint/prefer-inject
  92:5  error  Prefer using the inject() function over constructor parameter injection. Use Angular's migration schematic to automatically refactor: ng generate @angular/core:inject  @angular-eslint/prefer-inject
  93:5  error  Prefer using the inject() function over constructor parameter injection. Use Angular's migration schematic to automatically refactor: ng generate @angular/core:inject  @angular-eslint/prefer-inject

D:\Programming\Frontend\FrontEnd\src\app\pages\ask-and-contact\meet-scholar\review-step\review-step.component.ts
  32:3  error  Output bindings, including aliases, should not be named as standard DOM events  @angular-eslint/no-output-native

D:\Programming\Frontend\FrontEnd\src\app\pages\ask-and-contact\meet-scholar\stepper\stepper.component.html
  8:50  error  Expected `===` but received `==`  @angular-eslint/template/eqeqeq
  9:57  error  Expected `===` but received `==`  @angular-eslint/template/eqeqeq

D:\Programming\Frontend\FrontEnd\src\app\pages\ask-and-contact\meet-scholar\success\meet-scholar-success.component.ts
  23:15  error  Prefer using the inject() function over constructor parameter injection. Use Angular's migration schematic to automatically refactor: ng generate @angular/core:inject  @angular-eslint/prefer-inject

D:\Programming\Frontend\FrontEnd\src\app\pages\ask-and-contact\send-inquiry\send-inquiry.component.ts
  79:5  error  Prefer using the inject() function over constructor parameter injection. Use Angular's migration schematic to automatically refactor: ng generate @angular/core:inject  @angular-eslint/prefer-inject
  80:5  error  Prefer using the inject() function over constructor parameter injection. Use Angular's migration schematic to automatically refactor: ng generate @angular/core:inject  @angular-eslint/prefer-inject
  81:5  error  Prefer using the inject() function over constructor parameter injection. Use Angular's migration schematic to automatically refactor: ng generate @angular/core:inject  @angular-eslint/prefer-inject
  82:5  error  Prefer using the inject() function over constructor parameter injection. Use Angular's migration schematic to automatically refactor: ng generate @angular/core:inject  @angular-eslint/prefer-inject

D:\Programming\Frontend\FrontEnd\src\app\pages\ask-and-contact\send-inquiry\success\send-inquiry-success.component.ts
  31:15  error  Prefer using the inject() function over constructor parameter injection. Use Angular's migration schematic to automatically refactor: ng generate @angular/core:inject  @angular-eslint/prefer-inject

D:\Programming\Frontend\FrontEnd\src\app\pages\events\event-detail\profile-popup\profile-popup.component.ts
  12:13  error  Output bindings, including aliases, should not be named as standard DOM events                                                                                          @angular-eslint/no-output-native
  14:15  error  Prefer using the inject() function over constructor parameter injection. Use Angular's migration schematic to automatically refactor: ng generate @angular/core:inject  @angular-eslint/prefer-inject

D:\Programming\Frontend\FrontEnd\src\app\pages\events\event-detail\share-popup\share-popup.component.ts
  10:13  error  Output bindings, including aliases, should not be named as standard DOM events  @angular-eslint/no-output-native

D:\Programming\Frontend\FrontEnd\src\app\pages\home\home.spec.ts
   5:1  error  'describe' is not defined    no-undef
   9:3  error  'beforeEach' is not defined  no-undef
  20:3  error  'it' is not defined          no-undef
  21:5  error  'expect' is not defined      no-undef

D:\Programming\Frontend\FrontEnd\src\app\pages\home\home.ts
  283:13  error  'setTimeout' is not defined  no-undef

D:\Programming\Frontend\FrontEnd\src\app\pages\muslim-tube\channel-detail\channel-detail.component.ts
  45:5  error  Prefer using the inject() function over constructor parameter injection. Use Angular's migration schematic to automatically refactor: ng generate @angular/core:inject  @angular-eslint/prefer-inject
  46:5  error  Prefer using the inject() function over constructor parameter injection. Use Angular's migration schematic to automatically refactor: ng generate @angular/core:inject  @angular-eslint/prefer-inject
  47:5  error  Prefer using the inject() function over constructor parameter injection. Use Angular's migration schematic to automatically refactor: ng generate @angular/core:inject  @angular-eslint/prefer-inject
  48:5  error  Prefer using the inject() function over constructor parameter injection. Use Angular's migration schematic to automatically refactor: ng generate @angular/core:inject  @angular-eslint/prefer-inject

D:\Programming\Frontend\FrontEnd\src\app\pages\muslim-tube\channels\channels.component.ts
  29:5  error  Prefer using the inject() function over constructor parameter injection. Use Angular's migration schematic to automatically refactor: ng generate @angular/core:inject  @angular-eslint/prefer-inject
  30:5  error  Prefer using the inject() function over constructor parameter injection. Use Angular's migration schematic to automatically refactor: ng generate @angular/core:inject  @angular-eslint/prefer-inject
  31:5  error  Prefer using the inject() function over constructor parameter injection. Use Angular's migration schematic to automatically refactor: ng generate @angular/core:inject  @angular-eslint/prefer-inject

D:\Programming\Frontend\FrontEnd\src\app\pages\muslim-tube\muslim-tube.component.spec.ts
   5:1  error  'describe' is not defined    no-undef
   9:3  error  'beforeEach' is not defined  no-undef
  20:3  error  'it' is not defined          no-undef
  21:5  error  'expect' is not defined      no-undef

D:\Programming\Frontend\FrontEnd\src\app\pages\muslim-tube\video-card\video-card.component.spec.ts
   7:1  error  'describe' is not defined    no-undef
  11:3  error  'beforeEach' is not defined  no-undef
  31:3  error  'it' is not defined          no-undef
  32:5  error  'expect' is not defined      no-undef

D:\Programming\Frontend\FrontEnd\src\app\pages\muslim-tube\video-detail\video-detail.component.spec.ts
   4:1  error  'describe' is not defined    no-undef
   8:3  error  'beforeEach' is not defined  no-undef
  18:3  error  'it' is not defined          no-undef
  19:5  error  'expect' is not defined      no-undef

D:\Programming\Frontend\FrontEnd\src\app\pages\muslim-tube\video-detail\video-detail.component.ts
  42:5  error  Prefer using the inject() function over constructor parameter injection. Use Angular's migration schematic to automatically refactor: ng generate @angular/core:inject  @angular-eslint/prefer-inject
  43:5  error  Prefer using the inject() function over constructor parameter injection. Use Angular's migration schematic to automatically refactor: ng generate @angular/core:inject  @angular-eslint/prefer-inject
  44:5  error  Prefer using the inject() function over constructor parameter injection. Use Angular's migration schematic to automatically refactor: ng generate @angular/core:inject  @angular-eslint/prefer-inject
  45:5  error  Prefer using the inject() function over constructor parameter injection. Use Angular's migration schematic to automatically refactor: ng generate @angular/core:inject  @angular-eslint/prefer-inject

D:\Programming\Frontend\FrontEnd\src\app\pages\muslim-tube\videos\videos.component.ts
  32:5  error  Prefer using the inject() function over constructor parameter injection. Use Angular's migration schematic to automatically refactor: ng generate @angular/core:inject  @angular-eslint/prefer-inject
  33:5  error  Prefer using the inject() function over constructor parameter injection. Use Angular's migration schematic to automatically refactor: ng generate @angular/core:inject  @angular-eslint/prefer-inject
  34:5  error  Prefer using the inject() function over constructor parameter injection. Use Angular's migration schematic to automatically refactor: ng generate @angular/core:inject  @angular-eslint/prefer-inject

D:\Programming\Frontend\FrontEnd\src\app\pages\not-found\not-found.spec.ts
   6:1  error  'describe' is not defined    no-undef
  10:3  error  'beforeEach' is not defined  no-undef
  21:3  error  'it' is not defined          no-undef
  22:5  error  'expect' is not defined      no-undef
  25:3  error  'it' is not defined          no-undef
  26:5  error  'expect' is not defined      no-undef
  27:5  error  'expect' is not defined      no-undef
  30:3  error  'it' is not defined          no-undef
  33:5  error  'expect' is not defined      no-undef
  36:3  error  'it' is not defined          no-undef
  39:5  error  'expect' is not defined      no-undef
  40:5  error  'expect' is not defined      no-undef
  43:3  error  'it' is not defined          no-undef
  46:5  error  'expect' is not defined      no-undef
  49:3  error  'it' is not defined          no-undef
  52:5  error  'expect' is not defined      no-undef
  53:5  error  'expect' is not defined      no-undef

D:\Programming\Frontend\FrontEnd\src\app\shared\components\tiptap-viewer\tiptap-viewer.component.ts
  36:15  error  Prefer using the inject() function over constructor parameter injection. Use Angular's migration schematic to automatically refactor: ng generate @angular/core:inject  @angular-eslint/prefer-inject

D:\Programming\Frontend\FrontEnd\src\app\shared\directives\inline-svg.directive.ts
  27:5   error  Prefer using the inject() function over constructor parameter injection. Use Angular's migration schematic to automatically refactor: ng generate @angular/core:inject  @angular-eslint/prefer-inject
  28:5   error  Prefer using the inject() function over constructor parameter injection. Use Angular's migration schematic to automatically refactor: ng generate @angular/core:inject  @angular-eslint/prefer-inject
  29:5   error  Prefer using the inject() function over constructor parameter injection. Use Angular's migration schematic to automatically refactor: ng generate @angular/core:inject  @angular-eslint/prefer-inject
  58:30  error  'fetch' is not defined                                                                                                                                                  no-undef

D:\Programming\Frontend\FrontEnd\src\app\shared\reusable-components\chips-multiselect\chips-multiselect.component.ts
  39:5  error  Prefer using the inject() function over constructor parameter injection. Use Angular's migration schematic to automatically refactor: ng generate @angular/core:inject  @angular-eslint/prefer-inject
  40:5  error  Prefer using the inject() function over constructor parameter injection. Use Angular's migration schematic to automatically refactor: ng generate @angular/core:inject  @angular-eslint/prefer-inject
  50:3  error  Lifecycle methods should not be empty                                                                                                                                   @angular-eslint/no-empty-lifecycle-method

D:\Programming\Frontend\FrontEnd\src\app\shared\reusable-components\footer\footer.spec.ts
   8:1  error  'describe' is not defined    no-undef
  12:3  error  'beforeEach' is not defined  no-undef
  24:3  error  'it' is not defined          no-undef
  25:5  error  'expect' is not defined      no-undef

D:\Programming\Frontend\FrontEnd\src\app\shared\reusable-components\footer\footer.ts
  51:5  error  Prefer using the inject() function over constructor parameter injection. Use Angular's migration schematic to automatically refactor: ng generate @angular/core:inject  @angular-eslint/prefer-inject
  52:5  error  Prefer using the inject() function over constructor parameter injection. Use Angular's migration schematic to automatically refactor: ng generate @angular/core:inject  @angular-eslint/prefer-inject

D:\Programming\Frontend\FrontEnd\src\app\shared\reusable-components\header\header.spec.ts
   6:1  error  'describe' is not defined    no-undef
  10:3  error  'beforeEach' is not defined  no-undef
  22:3  error  'it' is not defined          no-undef
  23:5  error  'expect' is not defined      no-undef
  26:3  error  'it' is not defined          no-undef
  27:5  error  'expect' is not defined      no-undef
  28:5  error  'expect' is not defined      no-undef
  29:5  error  'expect' is not defined      no-undef

D:\Programming\Frontend\FrontEnd\src\app\shared\reusable-components\page-container\page-container.component.spec.ts
  13:1  error  'describe' is not defined    no-undef
  17:5  error  'beforeEach' is not defined  no-undef
  27:5  error  'it' is not defined          no-undef
  28:9  error  'expect' is not defined      no-undef
  31:5  error  'it' is not defined          no-undef
  32:9  error  'expect' is not defined      no-undef
  35:5  error  'it' is not defined          no-undef
  37:9  error  'expect' is not defined      no-undef
  40:5  error  'it' is not defined          no-undef
  41:9  error  'expect' is not defined      no-undef
  44:5  error  'it' is not defined          no-undef
  48:9  error  'expect' is not defined      no-undef
  49:9  error  'expect' is not defined      no-undef
  52:5  error  'it' is not defined          no-undef
  54:9  error  'expect' is not defined      no-undef

D:\Programming\Frontend\FrontEnd\src\app\shared\reusable-components\select-dropdown\select-dropdown.component.ts
  35:3  error  Output bindings, including aliases, should not be named as standard DOM events                                                                                          @angular-eslint/no-output-native
  40:5  error  Prefer using the inject() function over constructor parameter injection. Use Angular's migration schematic to automatically refactor: ng generate @angular/core:inject  @angular-eslint/prefer-inject
  41:5  error  Prefer using the inject() function over constructor parameter injection. Use Angular's migration schematic to automatically refactor: ng generate @angular/core:inject  @angular-eslint/prefer-inject

D:\Programming\Frontend\FrontEnd\src\main.ts
  6:19  error  'console' is not defined  no-undef

D:\Programming\Frontend\FrontEnd\src\server.ts
  54:38  error  'process' is not defined  no-undef
  55:16  error  'process' is not defined  no-undef
  61:5   error  'console' is not defined  no-undef

Γ£û 288 problems (288 errors, 0 warnings)

