[ 2840736ms] [WARNING] [GSI_LOGGER]: Your client application uses one of the Google One Tap prompt UI status methods that may stop functioning when FedCM becomes mandatory. Refer to the migration guide to update your code accordingly and opt-in to FedCM to test your changes. Learn more: https://developers.google.com/identity/gsi/web/guides/fedcm-migration?s=dc#display_moment and https://developers.google.com/identity/gsi/web/guides/fedcm-migration?s=dc#skipped_moment @ https://accounts.google.com/gsi/client:80
[ 2840742ms] [ERROR] Not signed in with the identity provider. @ http://localhost:4200/home:0
[ 2841391ms] [ERROR] Failed to load resource: the server responded with a status of 404 () @ https://aam-api.ask-a-muslim.com/uploads/event-images/eb8bbff2-d391-4903-a2ef-0c8edb9166dc.jpeg:0
[ 2843820ms] [ERROR] [GSI_LOGGER]: FedCM get() rejects with NetworkError: Error retrieving a token. @ https://accounts.google.com/gsi/client:81
[ 2961305ms] [ERROR] Failed to load resource: the server responded with a status of 401 () @ https://aam-api.ask-a-muslim.com/api/StudentProfiles/me:0
[ 2961306ms] [ERROR] [StudentProfileService] getMyProfile failed: {type: unknown, status: 0, message: An unexpected error occurred, retryable: false, details: undefined} @ http://localhost:4200/main.js:14089
[ 2961318ms] Object
[ 2982520ms] [ERROR] Failed to load resource: the server responded with a status of 404 () @ https://aam-api.ask-a-muslim.com/uploads/event-images/eb8bbff2-d391-4903-a2ef-0c8edb9166dc.jpeg:0
[ 3996575ms] [ERROR] [webpack-dev-server] Errors while compiling. Reload prevented. @ http://localhost:4200/polyfills.js:2023
[ 3996626ms] [ERROR] [webpack-dev-server] ERROR
src/app/pages/resources/resources-page.component.html:40:34 - error TS2339: Property 'tabs' does not exist on type 'ResourceGallery'.

40             @for (tab of gallery.tabs; track trackByTabId($index, tab)) {
                                    ~~~~

  src/app/pages/resources/resources-page.component.ts:29:18
    29     templateUrl: './resources-page.component.html',
                        ~~~~~~~~~~~~~~~~~~~~~~~~~~~~~~~~~
    Error occurs in the template of component ResourcesPageComponent.
 @ http://localhost:4200/polyfills.js:2023
[ 3996629ms] [ERROR] [webpack-dev-server] ERROR
src/app/pages/resources/resources-page.component.html:40:46 - error TS2339: Property 'trackByTabId' does not exist on type 'ResourcesPageComponent'.

40             @for (tab of gallery.tabs; track trackByTabId($index, tab)) {
                                                ~~~~~~~~~~~~

  src/app/pages/resources/resources-page.component.ts:29:18
    29     templateUrl: './resources-page.component.html',
                        ~~~~~~~~~~~~~~~~~~~~~~~~~~~~~~~~~
    Error occurs in the template of component ResourcesPageComponent.
 @ http://localhost:4200/polyfills.js:2023
[ 3996631ms] [ERROR] [webpack-dev-server] ERROR
src/app/pages/resources/resources-page.component.html:46:19 - error TS2339: Property 'isGalleryTabActive' does not exist on type 'ResourcesPageComponent'.

46                   isGalleryTabActive(gallery.id, tab.id)
                     ~~~~~~~~~~~~~~~~~~

  src/app/pages/resources/resources-page.component.ts:29:18
    29     templateUrl: './resources-page.component.html',
                        ~~~~~~~~~~~~~~~~~~~~~~~~~~~~~~~~~
    Error occurs in the template of component ResourcesPageComponent.
 @ http://localhost:4200/polyfills.js:2023
[ 3996632ms] [ERROR] [webpack-dev-server] ERROR
src/app/pages/resources/resources-page.component.html:48:39 - error TS2339: Property 'isGalleryTabActive' does not exist on type 'ResourcesPageComponent'.

48                 [attr.aria-selected]="isGalleryTabActive(gallery.id, tab.id)"
                                         ~~~~~~~~~~~~~~~~~~

  src/app/pages/resources/resources-page.component.ts:29:18
    29     templateUrl: './resources-page.component.html',
                        ~~~~~~~~~~~~~~~~~~~~~~~~~~~~~~~~~
    Error occurs in the template of component ResourcesPageComponent.
 @ http://localhost:4200/polyfills.js:2023
[ 3996632ms] [ERROR] [webpack-dev-server] ERROR
src/app/pages/resources/resources-page.component.html:50:19 - error TS2339: Property 'isGalleryTabActive' does not exist on type 'ResourcesPageComponent'.

50                   isGalleryTabActive(gallery.id, tab.id) ? 0 : -1
                     ~~~~~~~~~~~~~~~~~~

  src/app/pages/resources/resources-page.component.ts:29:18
    29     templateUrl: './resources-page.component.html',
                        ~~~~~~~~~~~~~~~~~~~~~~~~~~~~~~~~~
    Error occurs in the template of component ResourcesPageComponent.
 @ http://localhost:4200/polyfills.js:2023
[ 3996634ms] [ERROR] [webpack-dev-server] ERROR
src/app/pages/resources/resources-page.component.html:52:26 - error TS2339: Property 'selectGalleryTab' does not exist on type 'ResourcesPageComponent'.

52                 (click)="selectGalleryTab(gallery.id, tab.id)"
                            ~~~~~~~~~~~~~~~~

  src/app/pages/resources/resources-page.component.ts:29:18
    29     templateUrl: './resources-page.component.html',
                        ~~~~~~~~~~~~~~~~~~~~~~~~~~~~~~~~~
    Error occurs in the template of component ResourcesPageComponent.
 @ http://localhost:4200/polyfills.js:2023
[ 3996634ms] [ERROR] [webpack-dev-server] ERROR
src/app/pages/resources/resources-page.component.html:53:28 - error TS2339: Property 'onGalleryTabKeydown' does not exist on type 'ResourcesPageComponent'.

53                 (keydown)="onGalleryTabKeydown($event, gallery, tab.id)"
                              ~~~~~~~~~~~~~~~~~~~

  src/app/pages/resources/resources-page.component.ts:29:18
    29     templateUrl: './resources-page.component.html',
                        ~~~~~~~~~~~~~~~~~~~~~~~~~~~~~~~~~
    Error occurs in the template of component ResourcesPageComponent.
 @ http://localhost:4200/polyfills.js:2023
[ 3996636ms] [ERROR] [webpack-dev-server] ERROR
src/app/pages/resources/resources-page.component.html:62:30 - error TS2339: Property 'animationClasses' does not exist on type 'ResourcesPageComponent'.

62             [class.fade-in]="animationClasses()[gallery.id]"
                                ~~~~~~~~~~~~~~~~

  src/app/pages/resources/resources-page.component.ts:29:18
    29     templateUrl: './resources-page.component.html',
                        ~~~~~~~~~~~~~~~~~~~~~~~~~~~~~~~~~
    Error occurs in the template of component ResourcesPageComponent.
 @ http://localhost:4200/polyfills.js:2023
[ 3996636ms] [ERROR] [webpack-dev-server] ERROR
src/app/pages/resources/resources-page.component.html:67:23 - error TS2339: Property 'visibleCardsByGallery' does not exist on type 'ResourcesPageComponent'.

67               card of visibleCardsByGallery()[gallery.id];
                         ~~~~~~~~~~~~~~~~~~~~~

  src/app/pages/resources/resources-page.component.ts:29:18
    29     templateUrl: './resources-page.component.html',
                        ~~~~~~~~~~~~~~~~~~~~~~~~~~~~~~~~~
    Error occurs in the template of component ResourcesPageComponent.
 @ http://localhost:4200/polyfills.js:2023
[ 3996640ms] [ERROR] [webpack-dev-server] ERROR
src/app/pages/resources/resources-page.component.html:144:51 - error TS2339: Property 'column' does not exist on type 'NewMuslimCard'.

144               [class.new-muslim-card--full]="card.column === 'full'"
                                                      ~~~~~~

  src/app/pages/resources/resources-page.component.ts:29:18
    29     templateUrl: './resources-page.component.html',
                        ~~~~~~~~~~~~~~~~~~~~~~~~~~~~~~~~~
    Error occurs in the template of component ResourcesPageComponent.
 @ http://localhost:4200/polyfills.js:2023
[ 4000857ms] [WARNING] [GSI_LOGGER]: Your client application uses one of the Google One Tap prompt UI status methods that may stop functioning when FedCM becomes mandatory. Refer to the migration guide to update your code accordingly and opt-in to FedCM to test your changes. Learn more: https://developers.google.com/identity/gsi/web/guides/fedcm-migration?s=dc#display_moment and https://developers.google.com/identity/gsi/web/guides/fedcm-migration?s=dc#skipped_moment @ https://accounts.google.com/gsi/client:80
[ 4000888ms] [ERROR] Not signed in with the identity provider. @ http://localhost:4200/home:0
[ 4001401ms] [ERROR] Failed to load resource: the server responded with a status of 404 () @ https://aam-api.ask-a-muslim.com/uploads/event-images/eb8bbff2-d391-4903-a2ef-0c8edb9166dc.jpeg:0
[ 4003700ms] [ERROR] [GSI_LOGGER]: FedCM get() rejects with NetworkError: Error retrieving a token. @ https://accounts.google.com/gsi/client:81
[ 4006627ms] [WARNING] [GSI_LOGGER]: Your client application uses one of the Google One Tap prompt UI status methods that may stop functioning when FedCM becomes mandatory. Refer to the migration guide to update your code accordingly and opt-in to FedCM to test your changes. Learn more: https://developers.google.com/identity/gsi/web/guides/fedcm-migration?s=dc#display_moment and https://developers.google.com/identity/gsi/web/guides/fedcm-migration?s=dc#skipped_moment @ https://accounts.google.com/gsi/client:80
[ 4006666ms] [ERROR] Not signed in with the identity provider. @ http://localhost:4200/home:0
[ 4006885ms] [ERROR] Failed to load resource: the server responded with a status of 404 () @ https://aam-api.ask-a-muslim.com/uploads/event-images/eb8bbff2-d391-4903-a2ef-0c8edb9166dc.jpeg:0
[ 4008785ms] [ERROR] [GSI_LOGGER]: FedCM get() rejects with NetworkError: Error retrieving a token. @ https://accounts.google.com/gsi/client:81
[ 4029911ms] [WARNING] [GSI_LOGGER]: Your client application uses one of the Google One Tap prompt UI status methods that may stop functioning when FedCM becomes mandatory. Refer to the migration guide to update your code accordingly and opt-in to FedCM to test your changes. Learn more: https://developers.google.com/identity/gsi/web/guides/fedcm-migration?s=dc#display_moment and https://developers.google.com/identity/gsi/web/guides/fedcm-migration?s=dc#skipped_moment @ https://accounts.google.com/gsi/client:80
[ 4029993ms] [ERROR] Not signed in with the identity provider. @ http://localhost:4200/home:0
[ 4030140ms] [ERROR] Failed to load resource: the server responded with a status of 404 () @ https://aam-api.ask-a-muslim.com/uploads/event-images/eb8bbff2-d391-4903-a2ef-0c8edb9166dc.jpeg:0
[ 4033616ms] [ERROR] [GSI_LOGGER]: FedCM get() rejects with NetworkError: Error retrieving a token. @ https://accounts.google.com/gsi/client:81
[ 4039908ms] [WARNING] [GSI_LOGGER]: Your client application uses one of the Google One Tap prompt UI status methods that may stop functioning when FedCM becomes mandatory. Refer to the migration guide to update your code accordingly and opt-in to FedCM to test your changes. Learn more: https://developers.google.com/identity/gsi/web/guides/fedcm-migration?s=dc#display_moment and https://developers.google.com/identity/gsi/web/guides/fedcm-migration?s=dc#skipped_moment @ https://accounts.google.com/gsi/client:80
[ 4039970ms] [ERROR] Not signed in with the identity provider. @ http://localhost:4200/home:0
[ 4040097ms] [ERROR] Failed to load resource: the server responded with a status of 404 () @ https://aam-api.ask-a-muslim.com/uploads/event-images/eb8bbff2-d391-4903-a2ef-0c8edb9166dc.jpeg:0
[ 4045349ms] [ERROR] [GSI_LOGGER]: FedCM get() rejects with NetworkError: Error retrieving a token. @ https://accounts.google.com/gsi/client:81
[ 4075516ms] [WARNING] [GSI_LOGGER]: Your client application uses one of the Google One Tap prompt UI status methods that may stop functioning when FedCM becomes mandatory. Refer to the migration guide to update your code accordingly and opt-in to FedCM to test your changes. Learn more: https://developers.google.com/identity/gsi/web/guides/fedcm-migration?s=dc#display_moment and https://developers.google.com/identity/gsi/web/guides/fedcm-migration?s=dc#skipped_moment @ https://accounts.google.com/gsi/client:80
[ 4075648ms] [ERROR] Not signed in with the identity provider. @ http://localhost:4200/home:0
[ 4075886ms] [ERROR] Failed to load resource: the server responded with a status of 404 () @ https://aam-api.ask-a-muslim.com/uploads/event-images/eb8bbff2-d391-4903-a2ef-0c8edb9166dc.jpeg:0
[ 4091155ms] [ERROR] [GSI_LOGGER]: FedCM get() rejects with NetworkError: Error retrieving a token. @ https://accounts.google.com/gsi/client:81
[ 4094410ms] [WARNING] [GSI_LOGGER]: Your client application uses one of the Google One Tap prompt UI status methods that may stop functioning when FedCM becomes mandatory. Refer to the migration guide to update your code accordingly and opt-in to FedCM to test your changes. Learn more: https://developers.google.com/identity/gsi/web/guides/fedcm-migration?s=dc#display_moment and https://developers.google.com/identity/gsi/web/guides/fedcm-migration?s=dc#skipped_moment @ https://accounts.google.com/gsi/client:80
[ 4094472ms] [ERROR] Not signed in with the identity provider. @ http://localhost:4200/home:0
[ 4094580ms] [ERROR] Failed to load resource: the server responded with a status of 404 () @ https://aam-api.ask-a-muslim.com/uploads/event-images/eb8bbff2-d391-4903-a2ef-0c8edb9166dc.jpeg:0
[ 4097137ms] [ERROR] [GSI_LOGGER]: FedCM get() rejects with NetworkError: Error retrieving a token. @ https://accounts.google.com/gsi/client:81
[ 5020127ms] [WARNING] [GSI_LOGGER]: Your client application uses one of the Google One Tap prompt UI status methods that may stop functioning when FedCM becomes mandatory. Refer to the migration guide to update your code accordingly and opt-in to FedCM to test your changes. Learn more: https://developers.google.com/identity/gsi/web/guides/fedcm-migration?s=dc#display_moment and https://developers.google.com/identity/gsi/web/guides/fedcm-migration?s=dc#skipped_moment @ https://accounts.google.com/gsi/client:80
[ 5020139ms] [ERROR] Not signed in with the identity provider. @ http://localhost:4200/home:0
[ 5020327ms] [ERROR] Failed to load resource: the server responded with a status of 404 () @ https://aam-api.ask-a-muslim.com/uploads/event-images/eb8bbff2-d391-4903-a2ef-0c8edb9166dc.jpeg:0
[ 5021075ms] [ERROR] [GSI_LOGGER]: FedCM get() rejects with NetworkError: Error retrieving a token. @ https://accounts.google.com/gsi/client:81
[ 5356637ms] [WARNING] [GSI_LOGGER]: Your client application uses one of the Google One Tap prompt UI status methods that may stop functioning when FedCM becomes mandatory. Refer to the migration guide to update your code accordingly and opt-in to FedCM to test your changes. Learn more: https://developers.google.com/identity/gsi/web/guides/fedcm-migration?s=dc#display_moment and https://developers.google.com/identity/gsi/web/guides/fedcm-migration?s=dc#skipped_moment @ https://accounts.google.com/gsi/client:80
[ 5356681ms] [ERROR] Not signed in with the identity provider. @ http://localhost:4200/home:0
[ 5357225ms] [ERROR] Failed to load resource: the server responded with a status of 404 () @ https://aam-api.ask-a-muslim.com/uploads/event-images/eb8bbff2-d391-4903-a2ef-0c8edb9166dc.jpeg:0
[ 5357820ms] [ERROR] [GSI_LOGGER]: FedCM get() rejects with NetworkError: Error retrieving a token. @ https://accounts.google.com/gsi/client:81
